exports[`initial state renders without crashing 1`] = `
<summary
  className="action-bar">
  <div>
    <h2>
      Showing 
      <span>
        10
      </span>
       matches out of 
      <span>
        100
      </span>
       total complaints
    </h2>
  </div>
  <div
    className="layout-row">
    <div
      className="cf-select">
      <select
        id="choose-size"
        onChange={undefined}
        value={undefined}>
        <option
          value={10}>
          Show 
          10
           results
        </option>
        <option
          value={25}>
          Show 
          25
           results
        </option>
        <option
          value={50}>
          Show 
          50
           results
        </option>
        <option
          value={100}>
          Show 
          100
           results
        </option>
      </select>
    </div>
    <div
      className="cf-select">
      <select
        id="choose-sort"
        onChange={undefined}
        value={undefined}>
        <option
          value="relevance_desc">
          Sort by relevance
        </option>
        <option
          value="relevance_asc">
          Sort by relevance (asc)
        </option>
        <option
          value="created_date_asc">
          Sort by oldest to newest
        </option>
        <option
          value="created_date_desc">
          Sort by newest to oldest
        </option>
      </select>
    </div>
    <h5
      className="flex-all">
      <button
        className="a-btn a-btn__link hover"
        onClick={undefined}>
        Export results
      </button>
    </h5>
  </div>
</summary>
`;
