exports[`component::RootModal initial state does not render modals initially 1`] = `<span />`;
